assigning a type string of float to fparam node x ...
function evaluate has been assigned 1 parameters in its definition ... 
assigning a type string of float to fparam node x ...
function evaluate2 has been assigned 1 parameters in its definition ... 
assigning a type string of float to fparam node x ...
function evaluate has been assigned 1 parameters in its definition ... 
assigning a type string of integer to fparam node x ...
function evaluate has been assigned 1 parameters in its definition ... 
assigning a type string of float to fparam node B ...
assigning a type string of float to fparam node A ...
function build has been assigned 2 parameters in its definition ... 
assigning a type string of float to fparam node x ...
function evaluate has been assigned 1 parameters in its definition ... 
assigning a type string of float to fparam node C ...
assigning a type string of float to fparam node B ...
assigning a type string of float to fparam node A ...
function build has been assigned 3 parameters in its definition ... 
assigning a type string of float to fparam node x ...
function evaluate has been assigned 1 parameters in its definition ... 
assigning a type string of float to fparam node x ...
function evaluate has been assigned 1 parameters in its definition ... 
CREATED LITERAL VAL ENTRY literal100 WITH VALUE 0 
assigning a type string of float to fparam node B ...
assigning a type string of float to fparam node A ...
function build has been assigned 2 parameters in its definition ... 
assigning a type string of float to fparam node x ...
function evaluate has been assigned 1 parameters in its definition ... 
CREATED LITERAL VAL ENTRY literal101 WITH VALUE 0.0 
assigning a type string of float to fparam node x ...
function evaluate has been assigned 1 parameters in its definition ... 
assigning a type string of float to fparam node C ...
assigning a type string of float to fparam node B ...
assigning a type string of float to fparam node A ...
function build has been assigned 3 parameters in its definition ... 
CREATED LITERAL VAL ENTRY literal102 WITH VALUE 3 
CREATED LITERAL VAL ENTRY literal103 WITH VALUE 1 
CREATED LITERAL VAL ENTRY literal104 WITH VALUE 1 
assigning a type string of integer to fparam node i ...
function f has been assigned 1 parameters in its definition ... 
assigning a type string of integer to fparam node i ...
function f has been assigned 1 parameters in its definition ... 
assigning a type string of integer to fparam node j ...
assigning a type string of integer to fparam node i ...
function f has been assigned 2 parameters in its definition ... 
assigning a type string of integer to fparam node p1 ...
function f3 has been assigned 1 parameters in its definition ... 
function main has been assigned 0 parameters in its definition ... 
CRREATING A FUNCTION LITERAL VALUE FOR build the parent of foo is a node of type build  ... 
INSERTED FUNCTION LITERAL VALUE build INTO SCOPE main WITH ID NUMBER literal105 ...
CREATED LITERAL VAL ENTRY literal106 WITH VALUE 3.5 
CREATED LITERAL VAL ENTRY literal107 WITH VALUE 2 
CRREATING A FUNCTION LITERAL VALUE FOR build the parent of foo is a node of type build  ... 
INSERTED FUNCTION LITERAL VALUE build INTO SCOPE main WITH ID NUMBER literal108 ...
CREATED LITERAL VAL ENTRY literal109 WITH VALUE 0.0 
CREATED LITERAL VAL ENTRY literal110 WITH VALUE 1.0 
CREATED LITERAL VAL ENTRY literal111 WITH VALUE 2.0 
CREATED LITERAL VAL ENTRY literal112 WITH VALUE 1 
CRREATING A FUNCTION LITERAL VALUE FOR undefined the parent of foo is a node of type undefined  ... 
INSERTED FUNCTION LITERAL VALUE undefined INTO SCOPE main WITH ID NUMBER literal113 ...
CRREATING A FUNCTION LITERAL VALUE FOR f the parent of foo is a node of type f  ... 
INSERTED FUNCTION LITERAL VALUE f INTO SCOPE main WITH ID NUMBER literal114 ...
CREATED LITERAL VAL ENTRY literal115 WITH VALUE 1 
CREATED LITERAL VAL ENTRY literal116 WITH VALUE 1 
CREATED LITERAL VAL ENTRY literal117 WITH VALUE 1 
CRREATING A FUNCTION LITERAL VALUE FOR f the parent of foo is a node of type f  ... 
INSERTED FUNCTION LITERAL VALUE f INTO SCOPE main WITH ID NUMBER literal118 ...
CREATED LITERAL VAL ENTRY literal119 WITH VALUE 1 
CREATED LITERAL VAL ENTRY literal120 WITH VALUE 1.2 
CREATED LITERAL VAL ENTRY literal121 WITH VALUE 1 
CREATED LITERAL VAL ENTRY literal122 WITH VALUE 1 
CREATED LITERAL VAL ENTRY literal123 WITH VALUE 2 
CREATED LITERAL VAL ENTRY literal124 WITH VALUE 2 
CREATED LITERAL VAL ENTRY literal125 WITH VALUE 1.3 
CREATED LITERAL VAL ENTRY literal126 WITH VALUE 2 
CRREATING A FUNCTION LITERAL VALUE FOR f3 the parent of foo is a node of type f3  ... 
INSERTED FUNCTION LITERAL VALUE f3 INTO SCOPE main WITH ID NUMBER literal127 ...
CREATED LITERAL VAL ENTRY literal128 WITH VALUE 1 
CRREATING A FUNCTION LITERAL VALUE FOR evaluate the parent of foo is a node of type evaluate  ... 
INSERTED FUNCTION LITERAL VALUE evaluate INTO SCOPE main WITH ID NUMBER literal129 ...
CRREATING A FUNCTION LITERAL VALUE FOR evaluate the parent of foo is a node of type evaluate  ... 
INSERTED FUNCTION LITERAL VALUE evaluate INTO SCOPE main WITH ID NUMBER literal130 ...
CREATED LITERAL VAL ENTRY literal131 WITH VALUE 10 
